{"comment_count":26,"downloadable":false,"release":null,"created_at":"2015/09/20 17:32:13 +0000","description":"classic track from 2012, hopefully they get back together\n\nFOLLOW ME FOR GOOD MUSIC ","original_content_size":10182431,"title":"Oldie - OFWGKTA","track_type":null,"duration":636453,"video_url":null,"original_format":"mp3","artwork_url":"https://i1.sndcdn.com/artworks-000130152461-7bwtm3-large.jpg","streamable":true,"tag_list":"","release_month":null,"genre":"tbt","release_day":null,"download_url":"https://api.soundcloud.com/tracks/224754696/download","id":224754696,"state":"finished","reposts_count":642,"last_modified":"2019/01/27 08:18:06 +0000","label_name":null,"commentable":true,"bpm":null,"policy":"ALLOW","favoritings_count":8740,"kind":"track","purchase_url":null,"release_year":null,"key_signature":null,"isrc":null,"sharing":"public","uri":"https://api.soundcloud.com/tracks/224754696","attachments_uri":"https://api.soundcloud.com/tracks/224754696/attachments","download_count":0,"license":"all-rights-reserved","purchase_title":null,"user_id":51011571,"embeddable_by":"all","monetization_model":"NOT_APPLICABLE","waveform_url":"https://wave.sndcdn.com/sAefRYOniH6L_m.png","permalink":"oldie-ofwgkta","permalink_url":"https://soundcloud.com/ishaan-bhagwakar/oldie-ofwgkta","user":{"id":51011571,"kind":"user","permalink":"ishaan-bhagwakar","username":"Ishaan Bhagwakar","last_modified":"2017/06/01 01:56:00 +0000","uri":"https://api.soundcloud.com/users/51011571","permalink_url":"http://soundcloud.com/ishaan-bhagwakar","avatar_url":"https://i1.sndcdn.com/avatars-000067469521-lcmw8k-large.jpg"},"label_id":null,"stream_url":"https://api.soundcloud.com/tracks/224754696/stream","playback_count":530868}