<!DOCTYPE html><html><head><meta charset="utf-8"><meta name="robots" content="noarchive"><meta name="description" content="F - &quot;/vip/ - Very Important Posts&quot; is 4chan's imageboard for Pass users."><meta name="keywords" content="imageboard,worksafe,random"><meta name="referrer" content="origin"><meta name="viewport" content="width=device-width,initial-scale=1"><link rel="shortcut icon" href="//s.4cdn.org/image/favicon-ws.ico"><link rel="stylesheet" title="switch" href="//s.4cdn.org/css/yotsubluenew.687.css"><link rel="alternate stylesheet" style="text/css" href="//s.4cdn.org/css/yotsubanew.687.css" title="Yotsuba New"><link rel="alternate stylesheet" style="text/css" href="//s.4cdn.org/css/yotsubluenew.687.css" title="Yotsuba B New"><link rel="alternate stylesheet" style="text/css" href="//s.4cdn.org/css/futabanew.687.css" title="Futaba New"><link rel="alternate stylesheet" style="text/css" href="//s.4cdn.org/css/burichannew.687.css" title="Burichan New"><link rel="alternate stylesheet" style="text/css" href="//s.4cdn.org/css/photon.687.css" title="Photon"><link rel="alternate stylesheet" style="text/css" href="//s.4cdn.org/css/tomorrow.687.css" title="Tomorrow"><link rel="stylesheet" href="//s.4cdn.org/css/yotsubluemobile.687.css"><link rel="stylesheet" href="//s.4cdn.org/css/painter.600.css"><link rel="canonical" href="http://boards.4channel.org/vip/thread/88504/f"><link rel="alternate" title="RSS feed" href="/vip/index.rss" type="application/rss+xml"><title>/vip/ - F - Very Important Posts - 4chan</title><script type="text/javascript">var style_group = "ws_style",cssVersion = 687,jsVersion = 1041,comlen = 2000,maxFilesize = 4194304,maxLines = 100,clickable_ids = 1,cooldowns = {"thread":600,"reply":60,"image":60};var maxWebmFilesize = 3145728;var board_archived = true;var sjis_tags = true;var spoilers = true;var check_for_block = 1;</script><script type="text/javascript" data-cfasync="false" src="//s.4cdn.org/js/core.min.1036.js"></script><script type="text/javascript" data-cfasync="false" src="//s.4cdn.org/js/extension.min.1104.js"></script><script type="text/javascript" src="//s.4cdn.org/js/painter.min.1000.js"></script><style>.like-perk-cnt { margin-top: 10px; font-size: 20px; }</style><noscript><style type="text/css">#postForm { display: table !important; }#g-recaptcha { display: none; }</style></noscript></head><body class="is_thread board_vip"><span id="id_css"></span><div id="boardNavDesktop" class="desktop"><span class="boardList">[<a href="/a/" title="Anime & Manga">a</a> / <span class="nwsb"><a href="//boards.4chan.org/b/" title="Random">b</a> / </span><a href="/c/" title="Anime/Cute">c</a> / <span class="nwsb"><a href="//boards.4chan.org/d/" title="Hentai/Alternative">d</a> / </span><span class="nwsb"><a href="//boards.4chan.org/e/" title="Ecchi">e</a> / </span><span class="nwsb"><a href="//boards.4chan.org/f/" title="Flash">f</a> / </span><a href="/g/" title="Technology">g</a> / <span class="nwsb"><a href="//boards.4chan.org/gif/" title="Adult GIF">gif</a> / </span><span class="nwsb"><a href="//boards.4chan.org/h/" title="Hentai">h</a> / </span><span class="nwsb"><a href="//boards.4chan.org/hr/" title="High Resolution">hr</a> / </span><a href="/k/" title="Weapons">k</a> / <a href="/m/" title="Mecha">m</a> / <a href="/o/" title="Auto">o</a> / <a href="/p/" title="Photo">p</a> / <span class="nwsb"><a href="//boards.4chan.org/r/" title="Adult Requests">r</a> / </span><span class="nwsb"><a href="//boards.4chan.org/s/" title="Sexy Beautiful Women">s</a> / </span><span class="nwsb"><a href="//boards.4chan.org/t/" title="Torrents">t</a> / </span><span class="nwsb"><a href="//boards.4chan.org/u/" title="Yuri">u</a> / </span><a href="/v/" title="Video Games">v</a> / <a href="/vg/" title="Video Game Generals">vg</a> / <a href="/vr/" title="Retro Games">vr</a> / <a href="/w/" title="Anime/Wallpapers">w</a><span class="nwsb"> / <a href="//boards.4chan.org/wg/" title="Wallpapers/General">wg</a></span>] <span class="nwsb">[<a href="//boards.4chan.org/i/" title="Oekaki">i</a> / <a href="/ic/" title="Artwork/Critique">ic</a>] </span>[<span class="nwsb"><a href="//boards.4chan.org/r9k/" title="ROBOT9001">r9k</a> / </span><span class="nwsb"><a href="//boards.4chan.org/s4s/" title="Shit 4chan Says">s4s</a> / </span><a href="/vip/" title="Very Important Posts">vip</a> / <a href="/qa/" title="Question &amp; Answer">qa</a>] [<a href="/cm/" title="Cute/Male">cm</a> / <span class="nwsb"><a href="//boards.4chan.org/hm/" title="Handsome Men">hm</a> / </span><a href="/lgbt/" title="LGBT">lgbt</a><span class="nwsb"> / <a href="//boards.4chan.org/y/" title="Yaoi">y</a></span>] [<a href="/3/" title="3DCG">3</a> / <span class="nwsb"><a href="//boards.4chan.org/aco/" title="Adult Cartoons">aco</a> / </span><a href="/adv/" title="Advice">adv</a> / <a href="/an/" title="Animals & Nature">an</a> / <a href="/asp/" title="Alternative Sports">asp</a> / <span class="nwsb"><a href="//boards.4chan.org/bant/" title="International/Random">bant</a> / </span><a href="/biz/" title="Business & Finance">biz</a> / <a href="/cgl/" title="Cosplay & EGL">cgl</a> / <a href="/ck/" title="Food & Cooking">ck</a> / <a href="/co/" title="Comics & Cartoons">co</a> / <a href="/diy/" title="Do It Yourself">diy</a> / <a href="/fa/" title="Fashion">fa</a> / <a href="/fit/" title="Fitness">fit</a> / <a href="/gd/" title="Graphic Design">gd</a> / <span class="nwsb"><a href="//boards.4chan.org/hc/" title="Hardcore">hc</a> / </span><a href="/his/" title="History & Humanities">his</a> / <a href="/int/" title="International">int</a> / <a href="/jp/" title="Otaku Culture">jp</a> / <a href="/lit/" title="Literature">lit</a> / <a href="/mlp/" title="Pony">mlp</a> / <a href="/mu/" title="Music">mu</a> / <a href="/n/" title="Transportation">n</a> / <a href="/news/" title="Current News">news</a> / <a href="/out/" title="Outdoors">out</a> / <a href="/po/" title="Papercraft & Origami">po</a> / <span class="nwsb"><a href="//boards.4chan.org/pol/" title="Politically Incorrect">pol</a> / </span><a href="/qst/" title="Quests">qst</a> / <a href="/sci/" title="Science & Math">sci</a> / <span class="nwsb"><a href="//boards.4chan.org/soc/" title="Cams & Meetups">soc</a> / </span><a href="/sp/" title="Sports">sp</a> / <a href="/tg/" title="Traditional Games">tg</a> / <a href="/toy/" title="Toys">toy</a> / <a href="/trv/" title="Travel">trv</a> / <a href="/tv/" title="Television & Film">tv</a> / <a href="/vp/" title="Pok&eacute;mon">vp</a> / <a href="/wsg/" title="Worksafe GIF">wsg</a> / <a href="/wsr/" title="Worksafe Requests">wsr</a> / <a href="/x/" title="Paranormal">x</a>] </span><span id="navtopright">[<a href="javascript:void(0);" id="settingsWindowLink">Settings</a>] [<a href="/search" title="Search">Search</a>] [<a href="//www.4channel.org/" target="_top">Home</a>]</span></div><div id="boardNavMobile" class="mobile"> <div class="boardSelect"> <strong>Board</strong> <select id="boardSelectMobile"></select> </div> <div class="pageJump"> <a href="#bottom">&#9660;</a> <a href="javascript:void(0);" id="settingsWindowLinkMobile">Settings</a> <a href="//www.4channel.org" target="_top">Home</a> </div></div><div class="boardBanner"><div id="bannerCnt" class="title desktop" data-src="64.png"></div><div class="boardTitle">/vip/ - Very Important Posts</div></div><hr class="abovePostForm"><div class="navLinks mobile"><span class="mobileib button"><a href="/vip/" accesskey="a">Return</a></span> <span class="mobileib button"><a href="/vip/catalog">Catalog</a></span> <span class="mobileib button"><a href="#bottom">Bottom</a></span> <span class="mobileib button"><a href="#top_r" id="refresh_top">Refresh</a></span></div><div id="mpostform"><a href="#" class="mobilePostFormToggle mobile hidden button">Post a Reply</a></div><div style='position:relative'></div><form name="post" action="https://sys.4channel.org/vip/post" method="post" enctype="multipart/form-data"><input type="hidden" name="MAX_FILE_SIZE" value="4194304"><input type="hidden" name="mode" value="regist"><input id="postPassword" name="pwd" type="hidden"><input type="hidden" name="resto" value="88504"><div id="togglePostFormLink" class="desktop">[<a href="#">Post a Reply</a>]</div><table class="postForm hideMobile" id="postForm"><tbody><tr data-type="Name"><td>Name</td><td><input name="name" type="text" tabindex="1" placeholder="Anonymous"></td> </tr><tr class="mobile" data-type="Spoilers"><td>Spoiler?</td><td class="mobileSpoiler">[<label><input type="checkbox" name="spoiler" value="on">Spoiler?</label>]</td></tr> <tr data-type="Options"> <td>Options</td> <td><input name="email" type="text" tabindex="2"><input type="submit" value="Post" tabindex="6"></td> </tr><tr data-type="Comment"><td>Comment</td><td><textarea name="com" cols="48" rows="4" wrap="soft" tabindex="4"></textarea></td></tr><tr id="captchaFormPart"><td class="desktop">Verification</td><td colspan="2"><script src="https://www.google.com/recaptcha/api.js?onload=onRecaptchaLoaded&amp;render=explicit" async defer></script><script>window.recaptchaKey = "6Ldp2bsSAAAAAAJ5uyx_lx34lJeEpTLVkP5k04qc";</script><div id="g-recaptcha"></div><noscript>  <div style="width: 302px;">    <div style="width: 302px; position: relative;">      <div style="width: 302px; height: 422px;">        <iframe src="https://www.google.com/recaptcha/api/fallback?k=6Ldp2bsSAAAAAAJ5uyx_lx34lJeEpTLVkP5k04qc" frameborder="0" scrolling="no" style="width: 302px; height:422px; border-style: none;"></iframe>      </div>      <div style="width: 300px; height: 60px; border-style: none;bottom: 12px; left: 25px; margin: 0px; padding: 0px; right: 25px;background: #f9f9f9; border: 1px solid #c1c1c1; border-radius: 3px;">        <textarea id="g-recaptcha-response" name="g-recaptcha-response" class="g-recaptcha-response" style="width: 250px; height: 40px; border: 1px solid #c1c1c1;margin: 10px 25px; padding: 0px; resize: none;"></textarea>      </div>    </div>  </div></noscript><div class="passNotice">4chan Pass users can bypass this verification. [<a href="https://www.4chan.org/pass" target="_blank">Learn More</a>] [<a href="https://sys.4channel.org/auth">Login</a>]</div></td></tr><tr data-type="File"><td>File</td><td><input id="postFile" name="upfile" type="file" tabindex="7"><span class="desktop">[<label><input type="checkbox" name="spoiler" value="on" tabindex="8">Spoiler?</label>]</span></tr><tr data-type="Painter" class="desktop"> <td>Draw</td> <td class="painter-ctrl">Width <input type="text" value="400" maxlength="4"> Height <input type="text" value="400" maxlength="4"> <button data-dims="400" type="button">Draw</button> <button disabled type="button">Clear</button></td> </tr><tr class="rules"><td colspan="2"><ul class="rules"><li>Please read the <a href="//www.4channel.org/rules#vip">Rules</a> and <a href="//www.4channel.org/faq">FAQ</a> before posting.</li></ul></td></tr></tbody><tfoot><tr><td colspan="2"><div id="postFormError"></div></td></tr></tfoot></table><table id="blotter" class="desktop"><thead><tr><td colspan="2"><hr class="aboveMidAd"></td></tr></thead><tbody id="blotter-msgs"><tr><td data-utc="1493903967" class="blotter-date">05/04/17</td><td class="blotter-content">New trial board added: <a href="//boards.4chan.org/bant/">/bant/ - International/Random</a></td></tr><tr><td data-utc="1475592573" class="blotter-date">10/04/16</td><td class="blotter-content">New board for 4chan Pass users: <a href="//boards.4chan.org/vip/">/vip/ - Very Important Posts</a></td></tr><tr><td data-utc="1466421827" class="blotter-date">06/20/16</td><td class="blotter-content">New 4chan Banner Contest with a chance to win a 4chan Pass! See <a href="https://www.4chan.org/banner-contest">the contest page</a> for details.</td></tr></tbody><tfoot><tr><td colspan="2">[<a data-utc="1493903967" id="toggleBlotter" href="#">Hide</a>]<span> [<a href="//www.4channel.org/blotter" target="_blank">Show All</a>]</span></td></tr></tfoot></table></form><hr class="aboveMidAd"><div class="middlead center"><div><a href="//boards.4chan.org/hm/"><img alt="" src="//s.4cdn.org/image/contest_banners/4e73b51e1765799ec681614dc5250a33b27b8e49.png"></a></div></div><hr class="desktop" id="op"><div class="navLinks desktop">[<a href="/vip/" accesskey="a">Return</a>] [<a href="/vip/catalog">Catalog</a>] [<a href="#bottom">Bottom</a>]</div><hr><form name="delform" id="delform" action="https://sys.4channel.org/vip/imgboard.php" method="post"><div class="board"><div class="thread" id="t88504"><div class="postContainer opContainer" id="pc88504"><div id="p88504" class="post op"><div class="postInfoM mobile" id="pim88504"> <span class="nameBlock"><span class="name">Anonymous</span><br><span class="subject">F</span> </span><span class="dateTime postNum" data-utc="1546227263">12/30/18(Sun)22:34:23 <a href="#p88504" title="Link to this post">No.</a><a href="javascript:quote('88504');" title="Reply to this post">88504</a></span></div><div class="file" id="f88504"><div class="fileText" id="fT88504">File: <a href="//is2.4chan.org/vip/1546227263937.png" target="_blank">F.png</a> (43 KB, 362x834)</div><a class="fileThumb" href="//is2.4chan.org/vip/1546227263937.png" target="_blank"><img src="//i.4cdn.org/vip/1546227263937s.jpg" alt="43 KB" data-md5="CeZCF7fTAVoNxaDwW9Dn0w==" style="height: 250px; width: 108px;"><div data-tip data-tip-cb="mShowFull" class="mFileInfo mobile">43 KB PNG</div></a></div><div class="postInfo desktop" id="pi88504"><input type="checkbox" name="88504" value="delete"> <span class="subject">F</span> <span class="nameBlock"><span class="name">Anonymous</span> </span> <span class="dateTime" data-utc="1546227263">12/30/18(Sun)22:34:23</span> <span class="postNum desktop"><a href="#p88504" title="Link to this post">No.</a><a href="javascript:quote('88504');" title="Reply to this post">88504</a></span></div><blockquote class="postMessage" id="m88504"></blockquote></div></div><div class="postContainer replyContainer" id="pc88521"><div class="sideArrows" id="sa88521">&gt;&gt;</div><div id="p88521" class="post reply"><div class="postInfoM mobile" id="pim88521"> <span class="nameBlock"><span class="name">Anonymous</span><br></span><span class="dateTime postNum" data-utc="1546318308">12/31/18(Mon)23:51:48 <a href="#p88521" title="Link to this post">No.</a><a href="javascript:quote('88521');" title="Reply to this post">88521</a></span></div><div class="postInfo desktop" id="pi88521"><input type="checkbox" name="88521" value="delete"> <span class="nameBlock"><span class="name">Anonymous</span> </span> <span class="dateTime" data-utc="1546318308">12/31/18(Mon)23:51:48</span> <span class="postNum desktop"><a href="#p88521" title="Link to this post">No.</a><a href="javascript:quote('88521');" title="Reply to this post">88521</a></span></div><div class="file" id="f88521"><div class="fileText" id="fT88521">File: <a href="//is2.4chan.org/vip/1546318308248.jpg" target="_blank">1545804746249.jpg</a> (159 KB, 500x881)</div><a class="fileThumb" href="//is2.4chan.org/vip/1546318308248.jpg" target="_blank"><img src="//i.4cdn.org/vip/1546318308248s.jpg" alt="159 KB" data-md5="YkQzkOlhvObztcDhHqjisw==" style="height: 125px; width: 70px;"><div data-tip data-tip-cb="mShowFull" class="mFileInfo mobile">159 KB JPG</div></a></div><blockquote class="postMessage" id="m88521"></blockquote></div></div><div class="postContainer replyContainer" id="pc89293"><div class="sideArrows" id="sa89293">&gt;&gt;</div><div id="p89293" class="post reply"><div class="postInfoM mobile" id="pim89293"> <span class="nameBlock"><span class="name">Anonymous</span><br></span><span class="dateTime postNum" data-utc="1549849384">02/10/19(Sun)20:43:04 <a href="#p89293" title="Link to this post">No.</a><a href="javascript:quote('89293');" title="Reply to this post">89293</a></span></div><div class="postInfo desktop" id="pi89293"><input type="checkbox" name="89293" value="delete"> <span class="nameBlock"><span class="name">Anonymous</span> </span> <span class="dateTime" data-utc="1549849384">02/10/19(Sun)20:43:04</span> <span class="postNum desktop"><a href="#p89293" title="Link to this post">No.</a><a href="javascript:quote('89293');" title="Reply to this post">89293</a></span></div><div class="file" id="f89293"><div class="fileText" id="fT89293">File: <a href="//is2.4chan.org/vip/1549849384199.png" target="_blank">tegaki.png</a> (3 KB, 400x400)</div><a class="fileThumb" href="//is2.4chan.org/vip/1549849384199.png" target="_blank"><img src="//i.4cdn.org/vip/1549849384199s.jpg" alt="3 KB" data-md5="O9TLDVVTjMpjfNSFgECK/Q==" style="height: 125px; width: 125px;"><div data-tip data-tip-cb="mShowFull" class="mFileInfo mobile">3 KB PNG</div></a></div><blockquote class="postMessage" id="m89293">gg</blockquote></div></div><div class="postContainer replyContainer" id="pc90138"><div class="sideArrows" id="sa90138">&gt;&gt;</div><div id="p90138" class="post reply"><div class="postInfoM mobile" id="pim90138"> <span class="nameBlock"><span class="name">Anonymous</span><br></span><span class="dateTime postNum" data-utc="1553017463">03/19/19(Tue)13:44:23 <a href="#p90138" title="Link to this post">No.</a><a href="javascript:quote('90138');" title="Reply to this post">90138</a></span></div><div class="postInfo desktop" id="pi90138"><input type="checkbox" name="90138" value="delete"> <span class="nameBlock"><span class="name">Anonymous</span> </span> <span class="dateTime" data-utc="1553017463">03/19/19(Tue)13:44:23</span> <span class="postNum desktop"><a href="#p90138" title="Link to this post">No.</a><a href="javascript:quote('90138');" title="Reply to this post">90138</a></span></div><blockquote class="postMessage" id="m90138">F</blockquote></div></div><div class="postContainer replyContainer" id="pc91131"><div class="sideArrows" id="sa91131">&gt;&gt;</div><div id="p91131" class="post reply"><div class="postInfoM mobile" id="pim91131"> <span class="nameBlock"><span class="name">Anonymous</span><br></span><span class="dateTime postNum" data-utc="1554989912">04/11/19(Thu)09:38:32 <a href="#p91131" title="Link to this post">No.</a><a href="javascript:quote('91131');" title="Reply to this post">91131</a></span></div><div class="postInfo desktop" id="pi91131"><input type="checkbox" name="91131" value="delete"> <span class="nameBlock"><span class="name">Anonymous</span> </span> <span class="dateTime" data-utc="1554989912">04/11/19(Thu)09:38:32</span> <span class="postNum desktop"><a href="#p91131" title="Link to this post">No.</a><a href="javascript:quote('91131');" title="Reply to this post">91131</a></span></div><blockquote class="postMessage" id="m91131">f</blockquote></div></div><div class="postContainer replyContainer" id="pc91245"><div class="sideArrows" id="sa91245">&gt;&gt;</div><div id="p91245" class="post reply"><div class="postInfoM mobile" id="pim91245"> <span class="nameBlock"><span class="name">Anonymous</span><br></span><span class="dateTime postNum" data-utc="1555572271">04/18/19(Thu)03:24:31 <a href="#p91245" title="Link to this post">No.</a><a href="javascript:quote('91245');" title="Reply to this post">91245</a></span></div><div class="postInfo desktop" id="pi91245"><input type="checkbox" name="91245" value="delete"> <span class="nameBlock"><span class="name">Anonymous</span> </span> <span class="dateTime" data-utc="1555572271">04/18/19(Thu)03:24:31</span> <span class="postNum desktop"><a href="#p91245" title="Link to this post">No.</a><a href="javascript:quote('91245');" title="Reply to this post">91245</a></span></div><blockquote class="postMessage" id="m91245">Bump</blockquote></div></div><div class="postContainer replyContainer" id="pc91975"><div class="sideArrows" id="sa91975">&gt;&gt;</div><div id="p91975" class="post reply"><div class="postInfoM mobile" id="pim91975"> <span class="nameBlock"><span class="name">Anonymous</span><br></span><span class="dateTime postNum" data-utc="1560458606">06/13/19(Thu)16:43:26 <a href="#p91975" title="Link to this post">No.</a><a href="javascript:quote('91975');" title="Reply to this post">91975</a></span></div><div class="postInfo desktop" id="pi91975"><input type="checkbox" name="91975" value="delete"> <span class="nameBlock"><span class="name">Anonymous</span> </span> <span class="dateTime" data-utc="1560458606">06/13/19(Thu)16:43:26</span> <span class="postNum desktop"><a href="#p91975" title="Link to this post">No.</a><a href="javascript:quote('91975');" title="Reply to this post">91975</a></span></div><blockquote class="postMessage" id="m91975">F</blockquote></div></div></div><hr><div class="navLinks navLinksBot desktop">[<a href="/vip/" accesskey="a">Return</a>] [<a href="/vip/catalog">Catalog</a>] [<a href="#top">Top</a>] </div><hr class="desktop"><div class="mobile center"><a class="mobilePostFormToggle button" href="#">Post a Reply</a></div></div><div class="navLinks mobile"><span class="mobileib button"><a href="/vip/" accesskey="a">Return</a></span> <span class="mobileib button"><a href="/vip/catalog">Catalog</a></span> <span class="mobileib button"><a href="#top">Top</a></span> <span class="mobileib button"><a href="#bottom_r" id="refresh_bottom">Refresh</a></span></div><hr class="mobile"><div class="bottomCtrl desktop"><span class="deleteform"><input type="hidden" name="mode" value="usrdel">Delete Post:<input type="hidden" name="res" value="88504"> [<input type="checkbox" name="onlyimgdel" value="on">File Only]<input type="hidden" id="delPassword" name="pwd"> <input type="submit" value="Delete"><input id="bottomReportBtn" type="button" value="Report"></span><span class="stylechanger">Style: <select id="styleSelector"><option value="Yotsuba New">Yotsuba</option><option value="Yotsuba B New">Yotsuba B</option><option value="Futaba New">Futaba</option><option value="Burichan New">Burichan</option><option value="Tomorrow">Tomorrow</option> <option value="Photon">Photon</option></select> </span></div></form><div id="absbot" class="absBotText"><div class="mobile"><span id="disable-mobile">[<a href="javascript:disableMobile();">Disable Mobile View / Use Desktop Site</a>]<br><br></span><span id="enable-mobile">[<a href="javascript:enableMobile();">Enable Mobile View / Use Mobile Site</a>]<br><br></span></div><span class="absBotDisclaimer">All trademarks and copyrights on this page are owned by their respective parties. Images uploaded are the responsibility of the Poster. Comments are owned by the Poster.</span><div id="footer-links"><a href="//www.4channel.org/faq#what4chan" target="_blank">About</a> &bull; <a href="//www.4channel.org/feedback" target="_blank">Feedback</a> &bull; <a href="//www.4channel.org/legal" target="_blank">Legal</a> &bull; <a href="//www.4channel.org/contact" target="_blank">Contact</a></div></div><div id="bottom"></div><script>var a= document.createElement('script');a.src = 'https://powerad.ai/script.js';a.setAttribute('async','');top.document.querySelector('head').appendChild(a);</script></body></html>